
> delivery-frontend@1.0.0 test
> vitest --run


[7m[1m[36m RUN [39m[22m[27m [36mv1.6.1[39m [90mc:/Users/bouay/OneDrive/Documents/projects/delivery_ai-/frontend[39m

 [33m❯[39m src/test/ProtectedRoute.test.jsx [2m ([22m[2m0 test[22m[2m)[22m
 [33m❯[39m src/test/validation.test.js [2m ([22m[2m0 test[22m[2m)[22m
 [33m❯[39m src/test/AuthContext.test.jsx [2m ([22m[2m0 test[22m[2m)[22m

[2m Test Files [22m [1m[31m3 failed[39m[22m[90m (3)[39m
[2m      Tests [22m [2mno tests[22m
[2m   Start at [22m 12:01:57
[2m   Duration [22m 4.15s[2m (transform 47ms, setup 0ms, collect 0ms, tests 0ms, environment 4.60s, prepare 880ms)[22m

